../Core/Src/main.c:76:6:HAL_ADC_ConvHalfCpltCallback	16	static
../Core/Src/main.c:85:6:HAL_ADC_ConvCpltCallback	16	static
../Core/Src/main.c:94:13:Send_ADC_Data_UART	24	static
../Core/Src/main.c:111:5:main	8	static
../Core/Src/main.c:179:6:SystemClock_Config	88	static
../Core/Src/main.c:223:13:MX_ADC1_Init	24	static
../Core/Src/main.c:271:13:MX_TIM2_Init	64	static
../Core/Src/main.c:332:13:MX_USART1_UART_Init	8	static
../Core/Src/main.c:363:13:MX_DMA_Init	16	static
../Core/Src/main.c:381:13:MX_GPIO_Init	16	static
../Core/Src/main.c:404:6:Error_Handler	4	static,ignoring_inline_asm
